nohup: ignoring input
2026/02/16 00:06:25 Database connection established successfully
2026/02/16 00:06:25 All tables ensured to exist
[GIN-debug] [WARNING] Running in "debug" mode. Switch to "release" mode in production.
 - using env:	export GIN_MODE=release
 - using code:	gin.SetMode(gin.ReleaseMode)

[GIN-debug] GET    /health                   --> main.main.HealthCheck.func6 (5 handlers)
[GIN-debug] GET    /users/                   --> example.com/api/handler.(*UserHandler).GetAllUsers-fm (5 handlers)
[GIN-debug] GET    /users/:id                --> example.com/api/handler.(*UserHandler).GetUser-fm (5 handlers)
[GIN-debug] POST   /users/                   --> example.com/api/handler.(*UserHandler).CreateUser-fm (5 handlers)
[GIN-debug] PUT    /users/:id                --> example.com/api/handler.(*UserHandler).UpdateUser-fm (5 handlers)
[GIN-debug] PATCH  /users/:id                --> example.com/api/handler.(*UserHandler).PatchUser-fm (5 handlers)
[GIN-debug] DELETE /users/:id                --> example.com/api/handler.(*UserHandler).DeleteUser-fm (5 handlers)
[GIN-debug] GET    /resumes/                 --> example.com/api/handler.(*ResumeHandler).GetAllResumes-fm (5 handlers)
[GIN-debug] GET    /resumes/:id              --> example.com/api/handler.(*ResumeHandler).GetResume-fm (5 handlers)
[GIN-debug] POST   /resumes/                 --> example.com/api/handler.(*ResumeHandler).CreateResume-fm (5 handlers)
[GIN-debug] PUT    /resumes/:id              --> example.com/api/handler.(*ResumeHandler).UpdateResume-fm (5 handlers)
[GIN-debug] PATCH  /resumes/:id              --> example.com/api/handler.(*ResumeHandler).PatchResume-fm (5 handlers)
[GIN-debug] DELETE /resumes/:id              --> example.com/api/handler.(*ResumeHandler).DeleteResume-fm (5 handlers)
[GIN-debug] GET    /coverLetter/             --> example.com/api/handler.CoverLetterHandler.GetAllCoverLetters-fm (5 handlers)
[GIN-debug] GET    /coverLetter/:id          --> example.com/api/handler.CoverLetterHandler.GetCoverLetter-fm (5 handlers)
[GIN-debug] POST   /coverLetter/             --> example.com/api/handler.CoverLetterHandler.CreateCoverLetter-fm (5 handlers)
[GIN-debug] PUT    /coverLetter/:id          --> example.com/api/handler.CoverLetterHandler.UpdateCoverLetter-fm (5 handlers)
[GIN-debug] PATCH  /coverLetter/:id          --> example.com/api/handler.CoverLetterHandler.PatchCoverLetter-fm (5 handlers)
[GIN-debug] DELETE /coverLetter/:id          --> example.com/api/handler.CoverLetterHandler.DeleteCoverLetter-fm (5 handlers)
2026/02/16 00:06:25 Starting server on port 8080
2026-02-16 00:11:28 | GET | /health | 127.0.0.1 | È | 41.698µs
2026-02-16 00:11:36 | GET | /health | 127.0.0.1 | È | 51.706µs
